-- -testdata-book-db.yml --
desc: Captured of db.yml run
runners:
  db: "[THIS IS DB RUNNER]"
steps: []
