desc: exec_command
steps:
- exec:
    command: |
      echo hello world
