

1) t/b/runn_1_fail.yml ab13ba1e546838ceafa17f91ab3220102f397b2e

2 scenarios, 0 skipped, 1 failure
