{
  "total": 2,
  "success": 1,
  "failure": 1,
  "skipped": 0,
  "results": {
    "testdata/book/runn_0_success.yml": "success",
    "testdata/book/runn_1_fail.yml": "failure"
  }
}
