

1) t/b/runn_1_fail.yml

4 scenarios, 0 skipped, 1 failure
