

1) t/b/runn_1_fail.yml

5 scenarios, 0 skipped, 1 failure
